
There are no discarded input sections

Memory Configuration

Name             Origin             Length             Attributes
flash            0x08000000         0x00020000         xr
sram             0x20000000         0x00005000         xrw
*default*        0x00000000         0xffffffff

Linker script and memory map


.text           0x08000000      0x124
 *(.vectors*)
 .vectors       0x08000000       0x18 startup.o
                0x08000000                vectors
 *(.text*)
 .text          0x08000018       0x7c Blinking_LED.o
                0x08000018                main
 .text          0x08000094       0x90 startup.o
                0x08000094                Reset_Handler
                0x08000118                MM_Fault_Handler
                0x08000118                Bus_Fault
                0x08000118                Default_Handler
                0x08000118                H_fault_Handler
                0x08000118                Usage_Fault_Handler
                0x08000118                NMI_Handler
 *(.rodata)
                0x08000124                        _E_text = .

.glue_7         0x08000124        0x0
 .glue_7        0x08000124        0x0 linker stubs

.glue_7t        0x08000124        0x0
 .glue_7t       0x08000124        0x0 linker stubs

.vfp11_veneer   0x08000124        0x0
 .vfp11_veneer  0x08000124        0x0 linker stubs

.v4_bx          0x08000124        0x0
 .v4_bx         0x08000124        0x0 linker stubs

.iplt           0x08000124        0x0
 .iplt          0x08000124        0x0 startup.o

.rel.dyn        0x08000124        0x0
 .rel.iplt      0x08000124        0x0 startup.o

.data           0x20000000        0x4 load address 0x08000124
                0x20000000                        _S_DATA = .
 *(.data)
 .data          0x20000000        0x4 Blinking_LED.o
                0x20000000                x
 .data          0x20000004        0x0 startup.o
                0x20000004                        _E_DATA = .

.igot.plt       0x20000004        0x0 load address 0x08000128
 .igot.plt      0x20000004        0x0 startup.o

.bss            0x20000004      0x3e8 load address 0x08000128
                0x20000004                        _S_bss = .
 *(.bss*)
 .bss           0x20000004        0x0 Blinking_LED.o
 .bss           0x20000004        0x0 startup.o
                0x20000004                        _E_bss = .
                0x20000004                        . = ALIGN (0x4)
                0x200003ec                        . = (. + 0x3e8)
 *fill*         0x20000004      0x3e8 
                0x200003ec                        _stack_top = .
LOAD Blinking_LED.o
LOAD startup.o
OUTPUT(learn_in_depth.elf elf32-littlearm)
LOAD linker stubs

.debug_info     0x00000000      0x2fe
 .debug_info    0x00000000      0x15c Blinking_LED.o
 .debug_info    0x0000015c      0x1a2 startup.o

.debug_abbrev   0x00000000      0x1fc
 .debug_abbrev  0x00000000      0x103 Blinking_LED.o
 .debug_abbrev  0x00000103       0xf9 startup.o

.debug_loc      0x00000000       0xb4
 .debug_loc     0x00000000       0x38 Blinking_LED.o
 .debug_loc     0x00000038       0x7c startup.o

.debug_aranges  0x00000000       0x40
 .debug_aranges
                0x00000000       0x20 Blinking_LED.o
 .debug_aranges
                0x00000020       0x20 startup.o

.debug_line     0x00000000      0x2d3
 .debug_line    0x00000000      0x161 Blinking_LED.o
 .debug_line    0x00000161      0x172 startup.o

.debug_str      0x00000000      0x1e7
 .debug_str     0x00000000      0x1e7 Blinking_LED.o
                                0x1b5 (size before relaxing)
 .debug_str     0x000001e7      0x1fb startup.o

.comment        0x00000000       0x44
 .comment       0x00000000       0x44 Blinking_LED.o
                                 0x45 (size before relaxing)
 .comment       0x00000044       0x45 startup.o

.ARM.attributes
                0x00000000       0x2d
 .ARM.attributes
                0x00000000       0x2d Blinking_LED.o
 .ARM.attributes
                0x0000002d       0x2d startup.o

.debug_frame    0x00000000       0x7c
 .debug_frame   0x00000000       0x2c Blinking_LED.o
 .debug_frame   0x0000002c       0x50 startup.o
