
There are no discarded input sections

Memory Configuration

Name             Origin             Length             Attributes
flash            0x00000000         0x00040000         xr
sram             0x40000000         0x00008000         xrw
*default*        0x00000000         0xffffffff

Linker script and memory map


.text           0x00000000      0x134
 *(.vectors*)
 .vectors       0x00000000       0x18 startup.o
                0x00000000                vectors
 *(.text*)
 .text          0x00000018       0x8c main.o
                0x00000018                main
 .text          0x000000a4       0x90 startup.o
                0x000000a4                Reset_Handler
                0x00000128                MM_Fault_Handler
                0x00000128                Bus_Fault
                0x00000128                Default_Handler
                0x00000128                H_fault_Handler
                0x00000128                Usage_Fault_Handler
                0x00000128                NMI_Handler
 *(.rodata)
                0x00000134                        _E_text = .

.glue_7         0x00000134        0x0
 .glue_7        0x00000134        0x0 linker stubs

.glue_7t        0x00000134        0x0
 .glue_7t       0x00000134        0x0 linker stubs

.vfp11_veneer   0x00000134        0x0
 .vfp11_veneer  0x00000134        0x0 linker stubs

.v4_bx          0x00000134        0x0
 .v4_bx         0x00000134        0x0 linker stubs

.iplt           0x00000134        0x0
 .iplt          0x00000134        0x0 startup.o

.rel.dyn        0x00000134        0x0
 .rel.iplt      0x00000134        0x0 startup.o

.data           0x40000000        0x0 load address 0x00000134
                0x40000000                        _S_DATA = .
 *(.data)
 .data          0x40000000        0x0 main.o
 .data          0x40000000        0x0 startup.o
                0x40000000                        _E_DATA = .

.igot.plt       0x40000000        0x0 load address 0x00000134
 .igot.plt      0x40000000        0x0 startup.o

.bss            0x40000000      0x400 load address 0x00000134
                0x40000000                        _S_bss = .
 *(.bss*)
 .bss           0x40000000        0x0 main.o
 .bss           0x40000000        0x0 startup.o
                0x40000000                        _E_bss = .
                0x40000000                        . = ALIGN (0x4)
                0x40000400                        . = (. + 0x400)
 *fill*         0x40000000      0x400 
                0x40000400                        _stack_top = .
LOAD main.o
LOAD startup.o
OUTPUT(tiva_c_blink.elf elf32-littlearm)
LOAD linker stubs

.debug_info     0x00000000      0x240
 .debug_info    0x00000000       0x9e main.o
 .debug_info    0x0000009e      0x1a2 startup.o

.debug_abbrev   0x00000000      0x160
 .debug_abbrev  0x00000000       0x67 main.o
 .debug_abbrev  0x00000067       0xf9 startup.o

.debug_loc      0x00000000       0xb4
 .debug_loc     0x00000000       0x38 main.o
 .debug_loc     0x00000038       0x7c startup.o

.debug_aranges  0x00000000       0x40
 .debug_aranges
                0x00000000       0x20 main.o
 .debug_aranges
                0x00000020       0x20 startup.o

.debug_line     0x00000000      0x205
 .debug_line    0x00000000       0x93 main.o
 .debug_line    0x00000093      0x172 startup.o

.debug_str      0x00000000      0x1bb
 .debug_str     0x00000000      0x1bb main.o
                                 0xe7 (size before relaxing)
 .debug_str     0x000001bb      0x1f1 startup.o

.comment        0x00000000       0x44
 .comment       0x00000000       0x44 main.o
                                 0x45 (size before relaxing)
 .comment       0x00000044       0x45 startup.o

.ARM.attributes
                0x00000000       0x2e
 .ARM.attributes
                0x00000000       0x2e main.o
 .ARM.attributes
                0x0000002e       0x2e startup.o

.debug_frame    0x00000000       0x7c
 .debug_frame   0x00000000       0x2c main.o
 .debug_frame   0x0000002c       0x50 startup.o
