
There are no discarded input sections

Memory Configuration

Name             Origin             Length             Attributes
flash            0x08000000         0x00020000         xr
sram             0x20000000         0x00005000         xrw
*default*        0x00000000         0xffffffff

Linker script and memory map


.text           0x08000000       0xd4
 *(.vectors*)
 .vectors       0x08000000       0x50 startup.o
 *(.text*)
 .text          0x08000050        0x8 startup.o
 .text          0x08000058       0x7c Blinking_LED.o
                0x08000058                main

.data           0x080000d4        0x0
 .data          0x080000d4        0x0 startup.o
 .data          0x080000d4        0x0 Blinking_LED.o

.igot.plt       0x080000d4        0x0
 .igot.plt      0x080000d4        0x0 startup.o

.glue_7         0x080000d4        0x0
 .glue_7        0x080000d4        0x0 linker stubs

.glue_7t        0x080000d4        0x0
 .glue_7t       0x080000d4        0x0 linker stubs

.vfp11_veneer   0x080000d4        0x0
 .vfp11_veneer  0x080000d4        0x0 linker stubs

.v4_bx          0x080000d4        0x0
 .v4_bx         0x080000d4        0x0 linker stubs

.iplt           0x080000d4        0x0
 .iplt          0x080000d4        0x0 startup.o

.rel.dyn        0x080000d4        0x0
 .rel.iplt      0x080000d4        0x0 startup.o

.bss            0x20000000        0x0
 *(.bss*)
 .bss           0x20000000        0x0 startup.o
 .bss           0x20000000        0x0 Blinking_LED.o
LOAD startup.o
LOAD Blinking_LED.o
OUTPUT(learn_in_depth.elf elf32-littlearm)
LOAD linker stubs

.ARM.attributes
                0x00000000       0x2f
 .ARM.attributes
                0x00000000       0x21 startup.o
 .ARM.attributes
                0x00000021       0x2d Blinking_LED.o

.comment        0x00000000       0x44
 .comment       0x00000000       0x44 Blinking_LED.o
                                 0x45 (size before relaxing)

.debug_line     0x00000000      0x199
 .debug_line    0x00000000       0x38 startup.o
 .debug_line    0x00000038      0x161 Blinking_LED.o

.debug_info     0x00000000      0x171
 .debug_info    0x00000000       0x26 startup.o
 .debug_info    0x00000026      0x14b Blinking_LED.o

.debug_abbrev   0x00000000      0x104
 .debug_abbrev  0x00000000       0x14 startup.o
 .debug_abbrev  0x00000014       0xf0 Blinking_LED.o

.debug_aranges  0x00000000       0x40
 .debug_aranges
                0x00000000       0x20 startup.o
 .debug_aranges
                0x00000020       0x20 Blinking_LED.o

.debug_str      0x00000000      0x186
 .debug_str     0x00000000      0x186 startup.o
                                 0xa3 (size before relaxing)
 .debug_str     0x00000186      0x1b5 Blinking_LED.o

.debug_loc      0x00000000       0x38
 .debug_loc     0x00000000       0x38 Blinking_LED.o

.debug_frame    0x00000000       0x2c
 .debug_frame   0x00000000       0x2c Blinking_LED.o
